--- PASS: TestAlgodLogsToFile (6.64s)
ok  	github.com/algorand/go-algorand/test/e2e-go/cli/algod	6.744s
