--- PASS: TestAccountsCanSendMoney (112.79s)
ok  	github.com/algorand/go-algorand/test/e2e-go/features/transactions	113.107s
